Microchip MPLAB XC8 Compiler V2.46

Linker command line:

-W-3 \
  --edf=C:\Program Files\Microchip\xc8\v2.46\pic\dat\20240104201356_en.msgs \
  -cn -h+dist/default/production\washing_machine-E6.X.production.sym \
  --cmf=dist/default/production\washing_machine-E6.X.production.cmf -z \
  -Q16F877A -oC:\Users\yoges\AppData\Local\Temp\xcAsfb4.\driver_tmp_3.o \
  --defsym=__MPLAB_BUILD=1 --fixupoverflow=error \
  -Mdist/default/production/washing_machine-E6.X.production.map \
  --md=C:\Users\yoges\AppData\Local\Temp\xcAsfb4.\driver_tmp_0.dat -E1 \
  -ver=XC8 Compiler --acfsm=1493 -ACODE=00h-07FFhx4 -ASTRCODE=00h-01FFFh \
  -ASTRING=00h-0FFhx32 -ACONST=00h-0FFhx32 -AENTRY=00h-0FFhx32 \
  -ACOMMON=070h-07Fh -ABANK0=020h-06Fh -ABANK1=0A0h-0EFh \
  -ABANK2=0110h-016Fh -ABANK3=0190h-01EFh \
  -ARAM=020h-06Fh,0A0h-0EFh,0110h-016Fh,0190h-01EFh \
  -AABS1=020h-07Fh,0A0h-0EFh,0110h-016Fh,0190h-01EFh -ASFR0=00h-01Fh \
  -ASFR1=080h-09Fh -ASFR2=0100h-010Fh -ASFR3=0180h-018Fh \
  -ACONFIG=02007h-02007h -DCONFIG=2 -AIDLOC=02000h-02003h -DIDLOC=2 \
  -AEEDATA=00h-0FFh/02100h -peeprom_data=EEDATA -DEEDATA=2 -DCODE=2 \
  -DSTRCODE=2 -DSTRING=2 -DCONST=2 -DENTRY=2 \
  -preset_vec=00h,intentry=04h,sivt,init,end_init -ppowerup=CODE \
  -pcinit=CODE -pfunctab=ENTRY -k \
  C:\Users\yoges\AppData\Local\Temp\xcAsfb4.\driver_tmp_12.o \
  dist/default/production\washing_machine-E6.X.production.o 

Object code version is 3.11

Machine type is 16F877A



                Name                               Link     Load   Length Selector   Space Scale
C:\Users\yoges\AppData\Local\Temp\xcAsfb4.\driver_tmp_12.o
                end_init                              C        C        3        8       0
                reset_vec                             0        0        3        0       0
                config                             2007     2007        1        0       4
dist/default/production\washing_machine-E6.X.production.o
                cinit                                 F        F       35        8       0
                intentry                              4        4        8        8       0
                config                             2007     2007        1        0       4
                text27                              80A      80A       3A     1014       0
                text26                             1586     1586       20     2B0C       0
                text25                             1644     1644       53     2C88       0
                text24                             152D     152D        B     2A5A       0
                text23                             1527     1527        6     2A4E       0
                text22                              801      801        9     1002       0
                text21                             156D     156D       19     2ADA       0
                text20                             1615     1615       2F     2C2A       0
                text19                             1558     1558       15     2AB0       0
                text18                             1538     1538        D     2A70       0
                text17                             1746     1746       5B     2E8C       0
                text16                             17A1     17A1       5F     2F42       0
                text15                              844      844       67     1088       0
                text14                             16ED     16ED       59     2DDA       0
                text13                              923      923       A4     1246       0
                text12                             15EC     15EC       29     2BD8       0
                text11                              3D9      3D9      345        8       0
                text10                              DA8      DA8      258     1B50       0
                text9                              15C8     15C8       24     2B90       0
                text8                               8AB      8AB       78     1156       0
                text7                               7D8      7D8       25        8       0
                text6                               71E      71E       BA        8       0
                text5                              1697     1697       56     2D2E       0
                text4                                44       44      395        8       0
                text3                               9C7      9C7       F4     138E       0
                text2                               ABB      ABB       F6     1576       0
                text1                               BB1      BB1       F6     1762       0
                maintext                            CA7      CA7      101     194E       0
                cstackBANK0                          20       20       3F       20       1
                cstackCOMMON                         70       70        A       70       1
                inittext                           1545     1545       13     2A8A       0
                dataBANK1                            A0       A0       22       A0       1
                bssBANK1                             C2       C2        2       A0       1
                dataBANK0                            6D       6D        3       20       1
                bssBANK0                             5F       5F        E       20       1
                bssCOMMON                            7A       7A        2       70       1
                stringtext                         1000     1000      17B       20       0
                strings                            117B     117B       12     22F6       0
                idataBANK1                         15A6     15A6       22     2B4C       0
                idataBANK0                          7FD      7FD        3        8       0

TOTAL           Name                               Link     Load   Length     Space
        CLASS   CODE           
                end_init                              C        C        3         0
                cinit                                 F        F       35         0
                intentry                              4        4        8         0
                reset_vec                             0        0        3         0
                text27                              80A      80A       3A         0
                text26                             1586     1586       20         0
                text25                             1644     1644       53         0
                text24                             152D     152D        B         0
                text23                             1527     1527        6         0
                text22                              801      801        9         0
                text21                             156D     156D       19         0
                text20                             1615     1615       2F         0
                text19                             1558     1558       15         0
                text18                             1538     1538        D         0
                text17                             1746     1746       5B         0
                text16                             17A1     17A1       5F         0
                text15                              844      844       67         0
                text14                             16ED     16ED       59         0
                text13                              923      923       A4         0
                text12                             15EC     15EC       29         0
                text11                              3D9      3D9      345         0
                text10                              DA8      DA8      258         0
                text9                              15C8     15C8       24         0
                text8                               8AB      8AB       78         0
                text7                               7D8      7D8       25         0
                text6                               71E      71E       BA         0
                text5                              1697     1697       56         0
                text4                                44       44      395         0
                text3                               9C7      9C7       F4         0
                text2                               ABB      ABB       F6         0
                text1                               BB1      BB1       F6         0
                maintext                            CA7      CA7      101         0
                inittext                           1545     1545       13         0
                idataBANK1                         15A6     15A6       22         0
                idataBANK0                          7FD      7FD        3         0

        CLASS   STRCODE        
                stringtext                         1000     1000      17B         0

        CLASS   STRING         
                strings                            117B     117B       12         0

        CLASS   CONST          

        CLASS   ENTRY          

        CLASS   COMMON         
                cstackCOMMON                         70       70        A         1
                bssCOMMON                            7A       7A        2         1

        CLASS   BANK0          
                cstackBANK0                          20       20       3F         1
                dataBANK0                            6D       6D        3         1
                bssBANK0                             5F       5F        E         1

        CLASS   BANK1          
                dataBANK1                            A0       A0       22         1
                bssBANK1                             C2       C2        2         1

        CLASS   BANK2          

        CLASS   BANK3          

        CLASS   RAM            

        CLASS   ABS1           
                abs_s1                               7E       7E        2         1

        CLASS   SFR0           

        CLASS   SFR1           

        CLASS   SFR2           

        CLASS   SFR3           

        CLASS   CONFIG         
                config                             2007     2007        1         4

        CLASS   IDLOC          

        CLASS   EEDATA         

        CLASS   HEAP           

        CLASS   STACK          



SEGMENTS        Name                           Load    Length   Top    Selector   Space  Class     Delta

                reset_vec                      000000  000003  000003         0       0  CODE        2
                intentry                       000004  0007FC  000800         8       0  CODE        2
                cstackBANK0                    000020  000050  000070        20       1  BANK0       1
                cstackCOMMON                   000070  00000C  00007C        70       1  COMMON      1
                dataBANK1                      0000A0  000024  0000C4        A0       1  BANK1       1
                text22                         000801  000009  00080A      1002       0  CODE        2
                text27                         00080A  00003A  000844      1014       0  CODE        2
                text15                         000844  000067  0008AB      1088       0  CODE        2
                text8                          0008AB  000078  000923      1156       0  CODE        2
                text13                         000923  0000A4  0009C7      1246       0  CODE        2
                text3                          0009C7  0000F4  000ABB      138E       0  CODE        2
                text2                          000ABB  0000F6  000BB1      1576       0  CODE        2
                text1                          000BB1  0000F6  000CA7      1762       0  CODE        2
                maintext                       000CA7  000101  000DA8      194E       0  CODE        2
                text10                         000DA8  000258  001000      1B50       0  CODE        2
                stringtext                     001000  00017B  00117B        20       0  STRCODE     2
                strings                        00117B  000012  00118D      22F6       0  STRING      2
                text23                         001527  000006  00152D      2A4E       0  CODE        2
                text24                         00152D  00000B  001538      2A5A       0  CODE        2
                text18                         001538  00000D  001545      2A70       0  CODE        2
                inittext                       001545  000013  001558      2A8A       0  CODE        2
                text19                         001558  000015  00156D      2AB0       0  CODE        2
                text21                         00156D  000019  001586      2ADA       0  CODE        2
                text26                         001586  000020  0015A6      2B0C       0  CODE        2
                idataBANK1                     0015A6  000022  0015C8      2B4C       0  CODE        2
                text9                          0015C8  000024  0015EC      2B90       0  CODE        2
                text12                         0015EC  000029  001615      2BD8       0  CODE        2
                text20                         001615  00002F  001644      2C2A       0  CODE        2
                text25                         001644  000053  001697      2C88       0  CODE        2
                text5                          001697  000056  0016ED      2D2E       0  CODE        2
                text14                         0016ED  000059  001746      2DDA       0  CODE        2
                text17                         001746  00005B  0017A1      2E8C       0  CODE        2
                text16                         0017A1  00005F  001800      2F42       0  CODE        2


UNUSED ADDRESS RANGES

        Name                Unused          Largest block    Delta
        BANK1            00C4-00EF             2C           1
        BANK2            0110-016F             60           1
        BANK3            0190-01EF             60           1
        CODE             0003-0003              1           2
                         0800-0800              1
                         118D-1526            39A
                         1800-1FFF            800
        COMMON           007C-007D              2           1
        CONST            0003-0003              1           2
                         0800-0800              1
                         118D-1526            100
                         1800-1FFF            100
        EEDATA           2100-21FF            100           2
        ENTRY            0003-0003              1           2
                         0800-0800              1
                         118D-1526            100
                         1800-1FFF            100
        IDLOC            2000-2003              4           2
        RAM              00C4-00EF             2C           1
                         0110-016F             60
                         0190-01EF             60
        SFR0             0000-001F             20           1
        SFR1             0080-009F             20           1
        SFR2             0100-010F             10           1
        SFR3             0180-018F             10           1
        STRCODE          0003-0003              1           2
                         0800-0800              1
                         118D-1526            39A
                         1800-1FFF            800
        STRING           0003-0003              1           2
                         0800-0800              1
                         118D-1526            100
                         1800-1FFF            100

                                  Symbol Table

?__Umul8_16                      cstackCOMMON 0072
?___awdiv                        cstackCOMMON 0072
?___awmod                        cstackCOMMON 0072
?___fladd                        cstackCOMMON 0072
?___flmul                        cstackBANK0  0026
?___flsub                        cstackBANK0  0040
?___fltol                        cstackBANK0  0040
?___wmul                         cstackCOMMON 0072
?___xxtofl                       cstackCOMMON 0072
_GIE                             (abs)        005F
_PEIE                            (abs)        005E
_PORTB                           (abs)        0006
_PORTD                           (abs)        0008
_PR2                             (abs)        0092
_RB0                             (abs)        0030
_RC1                             (abs)        0039
_RC2                             (abs)        003A
_RE1                             (abs)        0049
_RE2                             (abs)        004A
_TMR2IE                          (abs)        0461
_TMR2IF                          (abs)        0061
_TMR2ON                          (abs)        0092
_TRISB                           (abs)        0086
_TRISC1                          (abs)        0439
_TRISC2                          (abs)        043A
_TRISD                           (abs)        0088
_TRISE1                          (abs)        0449
_TRISE2                          (abs)        044A
__H__absolute__                  __absolute__ 0000
__Habs1                          abs1         0000
__Hbank0                         bank0        0000
__Hbank1                         bank1        0000
__Hbank2                         bank2        0000
__Hbank3                         bank3        0000
__HbssBANK0                      bssBANK0     0000
__HbssBANK1                      bssBANK1     0000
__HbssCOMMON                     bssCOMMON    0000
__Hcinit                         cinit        0044
__Hclrtext                       clrtext      0000
__Hcode                          code         0000
__Hcommon                        common       0000
__Hconfig                        config       2008
__HcstackBANK0                   cstackBANK0  0000
__HcstackCOMMON                  cstackCOMMON 0000
__HdataBANK0                     dataBANK0    0000
__HdataBANK1                     dataBANK1    0000
__Heeprom_data                   eeprom_data  0000
__Hend_init                      end_init     000F
__Hfunctab                       functab      0000
__Hheap                          heap         0000
__HidataBANK0                    idataBANK0   0000
__HidataBANK1                    idataBANK1   0000
__Hinit                          init         000C
__Hinittext                      inittext     0000
__Hintentry                      intentry     000C
__Hmaintext                      maintext     0000
__Hpowerup                       powerup      0000
__Hram                           ram          0000
__Hreset_vec                     reset_vec    0003
__Hsfr0                          sfr0         0000
__Hsfr1                          sfr1         0000
__Hsfr2                          sfr2         0000
__Hsfr3                          sfr3         0000
__Hsivt                          sivt         000C
__Hspace_0                       (abs)        1800
__Hspace_1                       (abs)        00C4
__Hspace_2                       (abs)        0000
__Hspace_3                       (abs)        0000
__Hspace_4                       (abs)        400F
__Hstack                         stack        0000
__Hstrings                       strings      0000
__Hstringtext                    stringtext   0000
__Htext                          text         0000
__L__absolute__                  __absolute__ 0000
__Labs1                          abs1         0000
__Lbank0                         bank0        0000
__Lbank1                         bank1        0000
__Lbank2                         bank2        0000
__Lbank3                         bank3        0000
__LbssBANK0                      bssBANK0     0000
__LbssBANK1                      bssBANK1     0000
__LbssCOMMON                     bssCOMMON    0000
__Lcinit                         cinit        000F
__Lclrtext                       clrtext      0000
__Lcode                          code         0000
__Lcommon                        common       0000
__Lconfig                        config       0000
__LcstackBANK0                   cstackBANK0  0000
__LcstackCOMMON                  cstackCOMMON 0000
__LdataBANK0                     dataBANK0    0000
__LdataBANK1                     dataBANK1    0000
__Leeprom_data                   eeprom_data  0000
__Lend_init                      end_init     000C
__Lfunctab                       functab      0000
__Lheap                          heap         0000
__LidataBANK0                    idataBANK0   0000
__LidataBANK1                    idataBANK1   0000
__Linit                          init         000C
__Linittext                      inittext     0000
__Lintentry                      intentry     0004
__Lmaintext                      maintext     0000
__Lpowerup                       powerup      0000
__Lram                           ram          0000
__Lreset_vec                     reset_vec    0000
__Lsfr0                          sfr0         0000
__Lsfr1                          sfr1         0000
__Lsfr2                          sfr2         0000
__Lsfr3                          sfr3         0000
__Lsivt                          sivt         000C
__Lspace_0                       (abs)        0000
__Lspace_1                       (abs)        0000
__Lspace_2                       (abs)        0000
__Lspace_3                       (abs)        0000
__Lspace_4                       (abs)        0000
__Lstack                         stack        0000
__Lstrings                       strings      0000
__Lstringtext                    stringtext   0000
__Ltext                          text         0000
__S0                             (abs)        1800
__S1                             (abs)        00C4
__S3                             (abs)        0000
__Umul8_16                       text12       15EC
__Umul8_16@multiplicand          cstackCOMMON 0072
__Umul8_16@multiplier            cstackBANK0  0024
__Umul8_16@product               cstackBANK0  0020
__Umul8_16@word_mpld             cstackBANK0  0022
___awdiv                         text15       0844
___awdiv@counter                 cstackCOMMON 0076
___awdiv@dividend                cstackCOMMON 0074
___awdiv@divisor                 cstackCOMMON 0072
___awdiv@quotient                cstackCOMMON 0078
___awdiv@sign                    cstackCOMMON 0077
___awmod                         text14       16ED
___awmod@counter                 cstackCOMMON 0076
___awmod@dividend                cstackCOMMON 0074
___awmod@divisor                 cstackCOMMON 0072
___awmod@sign                    cstackCOMMON 0077
___fladd                         text10       0DA8
___fladd@a                       cstackCOMMON 0076
___fladd@aexp                    cstackBANK0  0029
___fladd@b                       cstackCOMMON 0072
___fladd@bexp                    cstackBANK0  002A
___fladd@grs                     cstackBANK0  002B
___fladd@signs                   cstackBANK0  0028
___flge                          text13       0923
___flge@ff1                      cstackBANK0  0048
___flge@ff2                      cstackBANK0  004C
___flmul                         text11       03D9
___flmul@a                       cstackBANK0  002A
___flmul@aexp                    cstackBANK0  0034
___flmul@b                       cstackBANK0  0026
___flmul@bexp                    cstackBANK0  0039
___flmul@grs                     cstackBANK0  0035
___flmul@prod                    cstackBANK0  003A
___flmul@sign                    cstackBANK0  0033
___flmul@temp                    cstackBANK0  003E
___flsub                         text9        15C8
___flsub@a                       cstackBANK0  0040
___flsub@b                       cstackBANK0  0044
___fltol                         text8        08AB
___fltol@exp1                    cstackBANK0  0049
___fltol@f1                      cstackBANK0  0040
___fltol@sign1                   cstackBANK0  0048
___heap_hi                       (abs)        0000
___heap_lo                       (abs)        0000
___int_sp                        stack        0000
___int_stack_hi                  stack        0000
___int_stack_lo                  stack        0000
___latbits                       (abs)        0002
___sp                            stack        0000
___stack_hi                      stack        0000
___stack_lo                      stack        0000
___stackhi                       (abs)        0000
___stacklo                       (abs)        0000
___wmul                          text7        07D8
___wmul@multiplicand             cstackCOMMON 0074
___wmul@multiplier               cstackCOMMON 0072
___wmul@product                  cstackCOMMON 0076
___xxtofl                        text6        071E
___xxtofl@arg                    cstackBANK0  0022
___xxtofl@exp                    cstackBANK0  0021
___xxtofl@sign                   cstackBANK0  0020
___xxtofl@val                    cstackCOMMON 0072
__end_of__Umul8_16               text12       1615
__end_of___awdiv                 text15       08AB
__end_of___awmod                 text14       1746
__end_of___fladd                 text10       1000
__end_of___flge                  text13       09C7
__end_of___flmul                 text11       071E
__end_of___flsub                 text9        15EC
__end_of___fltol                 text8        0923
__end_of___wmul                  text7        07FD
__end_of___xxtofl                text6        07D8
__end_of__initialization         cinit        0040
__end_of__stringtab              strings      118D
__end_of_clcd_print              text20       1644
__end_of_clcd_putch              text19       156D
__end_of_clcd_write              text26       15A6
__end_of_clear_screen            text18       1545
__end_of_door_status_check       text5        16ED
__end_of_init_clcd               text24       1538
__end_of_init_config             text21       1586
__end_of_init_digital_keypad     text23       152D
__end_of_init_display_controller text25       1697
__end_of_init_timer2             text22       080A
__end_of_isr                     text27       0844
__end_of_main                    maintext     0DA8
__end_of_power_on_screen         text17       17A1
__end_of_read_digital_keypad     text16       1800
__end_of_run_program             text4        03D9
__end_of_set_time                text3        0ABB
__end_of_washing_program_display text2        0BB1
__end_of_water_level_display     text1        0CA7
__initialization                 cinit        000F
__pbssBANK0                      bssBANK0     005F
__pbssBANK1                      bssBANK1     00C2
__pbssCOMMON                     bssCOMMON    007A
__pcstackBANK0                   cstackBANK0  0020
__pcstackCOMMON                  cstackCOMMON 0070
__pdataBANK0                     dataBANK0    006D
__pdataBANK1                     dataBANK1    00A0
__pidataBANK0                    idataBANK0   07FD
__pidataBANK1                    idataBANK1   15A6
__pintentry                      intentry     0004
__pmaintext                      maintext     0CA7
__pstrings                       strings      117B
__pstringtext                    stringtext   1000
__ptext1                         text1        0BB1
__ptext10                        text10       0DA8
__ptext11                        text11       03D9
__ptext12                        text12       15EC
__ptext13                        text13       0923
__ptext14                        text14       16ED
__ptext15                        text15       0844
__ptext16                        text16       17A1
__ptext17                        text17       1746
__ptext18                        text18       1538
__ptext19                        text19       1558
__ptext2                         text2        0ABB
__ptext20                        text20       1615
__ptext21                        text21       156D
__ptext22                        text22       0801
__ptext23                        text23       1527
__ptext24                        text24       152D
__ptext25                        text25       1644
__ptext26                        text26       1586
__ptext27                        text27       080A
__ptext3                         text3        09C7
__ptext4                         text4        0044
__ptext5                         text5        1697
__ptext6                         text6        071E
__ptext7                         text7        07D8
__ptext8                         text8        08AB
__ptext9                         text9        15C8
__stringbase                     strings      118D
__stringtab                      strings      117B
_clcd_print                      text20       1615
_clcd_putch                      text19       1558
_clcd_write                      text26       1586
_clear_screen                    text18       1538
_door_status_check               text5        1697
_init_clcd                       text24       152D
_init_config                     text21       156D
_init_digital_keypad             text23       1527
_init_display_controller         text25       1644
_init_timer2                     text22       0801
_isr                             text27       080A
_main                            maintext     0CA7
_min                             bssBANK0     006C
_operation_mode                  dataBANK0    006F
_power_on_screen                 text17       1746
_program_no                      bssCOMMON    007B
_read_digital_keypad             text16       17A1
_reset_mode                      dataBANK0    006E
_rinse_time                      bssBANK0     0067
_run_program                     text4        0044
_sec                             bssBANK0     006B
_set_time                        text3        09C7
_spin_time                       bssBANK0     0063
_wash_time                       bssBANK0     0065
_washing_prog                    dataBANK1    00A0
_washing_program_display         text2        0ABB
_water_level_display             text1        0BB1
_water_level_index               bssCOMMON    007A
_water_level_option              dataBANK1    00B8
btemp                            (abs)        007E
clcd_print@addr                  cstackCOMMON 0078
clcd_print@str                   cstackCOMMON 0076
clcd_putch@addr                  cstackBANK0  0020
clcd_putch@data                  cstackBANK0  0021
clcd_write@byte                  cstackCOMMON 0075
clcd_write@mode                  cstackCOMMON 0072
end_of_initialization            cinit        0040
init_fetch0                      inittext     1545
init_ram0                        inittext     1549
interrupt_function               intentry     0004
intlevel0                        functab      0000
intlevel1                        functab      0000
intlevel2                        functab      0000
intlevel3                        functab      0000
intlevel4                        functab      0000
intlevel5                        functab      0000
isr@count                        bssBANK1     00C2
main@key                         cstackBANK0  005E
main@wait                        cstackBANK0  005B
main@wait_136                    cstackBANK0  005D
power_on_screen@i                cstackBANK0  0025
power_on_screen@i_144            cstackBANK0  0026
read_digital_keypad@longpress    bssBANK0     006A
read_digital_keypad@mode         cstackCOMMON 0073
read_digital_keypad@once         dataBANK0    006D
read_digital_keypad@prev_key     bssBANK0     0069
reset_vec                        reset_vec    0000
run_program@key                  cstackBANK0  005A
run_program@time                 bssBANK0     005F
run_program@total_time           bssBANK0     0061
saved_w                          (abs)        007E
start                            init         000C
start_initialization             cinit        000F
washing_program_display@key      cstackBANK0  0024
water_level_display@key          cstackBANK0  0024
wtemp0                           (abs)        007E


MODULE INFORMATION

Module		Function		Class		Link	Load	Size
C:\Program Files\Microchip\xc8\v2.46\pic\sources\c99\common\fltol.c
		___fltol       		CODE           	08AB	0000	120

C:\Program Files\Microchip\xc8\v2.46\pic\sources\c99\common\fltol.c estimated size: 120

C:\Program Files\Microchip\xc8\v2.46\pic\sources\c99\common\Umul8_16.c
		__Umul8_16     		CODE           	15EC	0000	41

C:\Program Files\Microchip\xc8\v2.46\pic\sources\c99\common\Umul8_16.c estimated size: 41

timers.c
		_init_timer2   		CODE           	0801	0000	9

timers.c estimated size: 9

digital_keypad.c
		_init_digital_keypad		CODE           	1527	0000	6
		_read_digital_keypad		CODE           	17A1	0000	95

digital_keypad.c estimated size: 101

C:\Program Files\Microchip\xc8\v2.46\pic\sources\c99\common\awdiv.c
		___awdiv       		CODE           	0844	0000	103

C:\Program Files\Microchip\xc8\v2.46\pic\sources\c99\common\awdiv.c estimated size: 103

C:\Program Files\Microchip\xc8\v2.46\pic\sources\c99\common\xxtofl.c
		___xxtofl      		CODE           	071E	0000	186

C:\Program Files\Microchip\xc8\v2.46\pic\sources\c99\common\xxtofl.c estimated size: 186

C:\Program Files\Microchip\xc8\v2.46\pic\sources\c99\common\sprcmul.c
		___flmul       		CODE           	03D9	0000	837

C:\Program Files\Microchip\xc8\v2.46\pic\sources\c99\common\sprcmul.c estimated size: 837

isr.c
		_isr           		CODE           	080A	0000	58

isr.c estimated size: 58

shared
		__stringtab    		STRING         	117B	0000	18
		__initialization		CODE           	000F	0000	49

shared estimated size: 67

C:\Program Files\Microchip\xc8\v2.46\pic\sources\c99\common\Umul16.c
		___wmul        		CODE           	07D8	0000	37

C:\Program Files\Microchip\xc8\v2.46\pic\sources\c99\common\Umul16.c estimated size: 37

clcd.c
		_clcd_write    		CODE           	1586	0000	32
		_clear_screen  		CODE           	1538	0000	13
		_clcd_print    		CODE           	1615	0000	47
		_clcd_putch    		CODE           	1558	0000	21
		_init_display_controller		CODE           	1644	0000	83
		_init_clcd     		CODE           	152D	0000	11

clcd.c estimated size: 207

C:\Program Files\Microchip\xc8\v2.46\pic\sources\c99\common\sprcadd.c
		___flsub       		CODE           	15C8	0000	36
		___fladd       		CODE           	0DA8	0000	600

C:\Program Files\Microchip\xc8\v2.46\pic\sources\c99\common\sprcadd.c estimated size: 636

C:\Program Files\Microchip\xc8\v2.46\pic\sources\c99\common\awmod.c
		___awmod       		CODE           	16ED	0000	89

C:\Program Files\Microchip\xc8\v2.46\pic\sources\c99\common\awmod.c estimated size: 89

main.c
		_door_status_check		CODE           	1697	0000	86
		_washing_program_display		CODE           	0ABB	0000	246
		_main          		CODE           	0CA7	0000	257
		_water_level_display		CODE           	0BB1	0000	246
		_run_program   		CODE           	0044	0000	917
		_power_on_screen		CODE           	1746	0000	91
		_set_time      		CODE           	09C7	0000	244
		_init_config   		CODE           	156D	0000	25

main.c estimated size: 2112

C:\Program Files\Microchip\xc8\v2.46\pic\sources\c99\common\flge.c
		___flge        		CODE           	0923	0000	164

C:\Program Files\Microchip\xc8\v2.46\pic\sources\c99\common\flge.c estimated size: 164

